// Jest Snapshot v1, https://goo.gl/fbAQLP

exports[`CitiesList correctly renders after relaunch 1`] = `
<ul
  className="locations__list tabs__list"
>
  <li
    className="locations__item"
  >
    <a
      className="locations__item-link tabs__item "
      href="/"
      onClick={[Function]}
    >
      <span>
        1
      </span>
    </a>
  </li>
  <li
    className="locations__item"
  >
    <a
      className="locations__item-link tabs__item "
      href="/"
      onClick={[Function]}
    >
      <span>
        2
      </span>
    </a>
  </li>
</ul>
`;
